// Jest Snapshot v1, https://goo.gl/fbAQLP

exports[`<Container /> should render the Container 1`] = `
.c0 {
  max-width: 120rem;
  margin-left: auto;
  margin-right: auto;
  padding-left: 1rem;
  padding-right: 1rem;
  height: inherit;
}

<div
  class="c0"
>
  <span>
    Container Test
  </span>
</div>
`;
